<?xml version="1.0" encoding="utf-8"?><testsuites name="pytest tests"><testsuite name="pytest" errors="0" failures="0" skipped="0" tests="214" time="70.308" timestamp="2026-09-29T08:58:31.152798+05:30" hostname="LAPTOP-92EGD0PH"><testcase classname="tests.test_anomaly_alerts.TestAlertSeverity" name="test_warning_up_to_twice_the_threshold" time="0.002" /><testcase classname="tests.test_anomaly_alerts.TestAlertSeverity" name="test_critical_above_twice_the_threshold" time="0.001" /><testcase classname="tests.test_anomaly_alerts.TestAnomalyRoutePersistence" name="test_normal_result_is_not_persisted" time="0.007" /><testcase classname="tests.test_anomaly_alerts.TestAnomalyRoutePersistence" name="test_detector_unavailable_is_not_persisted" time="0.002" /><testcase classname="tests.test_anomaly_alerts.TestAnomalyRoutePersistence" name="test_alert_is_persisted_with_warning_severity" time="0.002" /><testcase classname="tests.test_anomaly_alerts.TestAnomalyRoutePersistence" name="test_strong_alert_is_persisted_as_critical" time="0.002" /><testcase classname="tests.test_anomaly_detector.TestAnomalyDetector" name="test_init_default_params" time="0.001" /><testcase classname="tests.test_anomaly_detector.TestAnomalyDetector" name="test_init_custom_params" time="0.001" /><testcase classname="tests.test_anomaly_detector.TestAnomalyDetector" name="test_build_model" time="7.977" /><testcase classname="tests.test_anomaly_detector.TestAnomalyDetector" name="test_prepare_data_normal_only" time="0.092" /><testcase classname="tests.test_anomaly_detector.TestAnomalyDetector" name="test_prepare_data_with_anomalies" time="0.043" /><testcase classname="tests.test_anomaly_detector.TestAnomalyDetector" name="test_window_is_labelled_anomalous_iff_it_contains_an_anomalous_row" time="0.010" /><testcase classname="tests.test_anomaly_detector.TestAnomalyDetector" name="test_prepare_data_missing_feature_column_raises" time="0.003" /><testcase classname="tests.test_anomaly_detector.TestAnomalyDetector" name="test_sequence_count_is_rows_minus_seq_len_plus_one[5-0]" time="0.002" /><testcase classname="tests.test_anomaly_detector.TestAnomalyDetector" name="test_sequence_count_is_rows_minus_seq_len_plus_one[11-0]" time="0.002" /><testcase classname="tests.test_anomaly_detector.TestAnomalyDetector" name="test_sequence_count_is_rows_minus_seq_len_plus_one[12-1]" time="0.002" /><testcase classname="tests.test_anomaly_detector.TestAnomalyDetector" name="test_sequence_count_is_rows_minus_seq_len_plus_one[15-4]" time="0.002" /><testcase classname="tests.test_anomaly_detector.TestAnomalyDetector" name="test_sequences_from_df_matches_prepare_data" time="0.006" /><testcase classname="tests.test_anomaly_detector.TestAnomalyDetector" name="test_train_basic" time="5.401" /><testcase classname="tests.test_anomaly_detector.TestAnomalyDetector" name="test_train_custom_params" time="5.573" /><testcase classname="tests.test_anomaly_detector.TestAnomalyDetector" name="test_train_no_normal_data_raises" time="0.007" /><testcase classname="tests.test_anomaly_detector.TestAnomalyDetector" name="test_train_with_fewer_rows_than_seq_len_raises" time="0.003" /><testcase classname="tests.test_anomaly_detector.TestAnomalyDetector" name="test_train_missing_feature_column_raises" time="0.002" /><testcase classname="tests.test_anomaly_detector.TestAnomalyDetector" name="test_detect_before_training_raises" time="0.004" /><testcase classname="tests.test_anomaly_detector.TestAnomalyDetector" name="test_detect_returns_scores_and_alerts" time="5.099" /><testcase classname="tests.test_anomaly_detector.TestAnomalyDetector" name="test_detect_rejects_wrong_shape" time="0.001" /><testcase classname="tests.test_anomaly_detector.TestAnomalyDetector" name="test_detect_threshold_override" time="0.101" /><testcase classname="tests.test_anomaly_detector.TestAnomalyDetector" name="test_injected_anomalies_score_higher_than_clean_windows" time="0.069" /><testcase classname="tests.test_anomaly_detector.TestAnomalyDetector" name="test_compute_errors" time="4.700" /><testcase classname="tests.test_anomaly_detector.TestAnomalyDetector" name="test_evaluate_before_training_raises" time="0.003" /><testcase classname="tests.test_anomaly_detector.TestAnomalyDetector" name="test_evaluate_returns_documented_metrics" time="0.076" /><testcase classname="tests.test_anomaly_detector.TestAnomalyDetector" name="test_evaluate_detects_planted_anomalies" time="0.075" /><testcase classname="tests.test_anomaly_detector.TestAnomalyDetector" name="test_evaluate_requires_anomaly_column" time="0.007" /><testcase classname="tests.test_anomaly_detector.TestAnomalyDetector" name="test_save_before_training_raises" time="0.002" /><testcase classname="tests.test_anomaly_detector.TestAnomalyDetector" name="test_load_missing_path_raises" time="0.001" /><testcase classname="tests.test_anomaly_detector.TestAnomalyDetector" name="test_save_load_roundtrip" time="0.994" /><testcase classname="tests.test_anomaly_detector.TestAnomalyDetector" name="test_threshold_computation" time="15.895" /><testcase classname="tests.test_anomaly_detector.TestAnomalyDetector" name="test_reproducibility" time="11.390" /><testcase classname="tests.test_auth_security.TestJWTSecretEnforcement" name="test_missing_secret_raises_at_import" time="0.029" /><testcase classname="tests.test_auth_security.TestJWTSecretEnforcement" name="test_present_secret_allows_import" time="0.011" /><testcase classname="tests.test_auth_security.TestTokenValidation" name="test_invalid_token_raises_401" time="0.011" /><testcase classname="tests.test_auth_security.TestTokenValidation" name="test_valid_token_round_trips" time="0.052" /><testcase classname="tests.test_auth_security.TestRoleEnforcement" name="test_require_operator_rejects_viewer" time="0.027" /><testcase classname="tests.test_auth_security.TestRoleEnforcement" name="test_require_operator_accepts_operator" time="0.010" /><testcase classname="tests.test_auth_security.TestPasswordHashing" name="test_hash_and_verify_round_trip" time="0.537" /><testcase classname="tests.test_auth_security.TestPasswordHashing" name="test_passwords_longer_than_72_bytes_do_not_raise" time="0.346" /><testcase classname="tests.test_auth_security.TestPasswordHashing" name="test_malformed_stored_hash_is_a_failed_login_not_an_error" time="0.010" /><testcase classname="tests.test_auth_security.TestOperatorRegistrationKey" name="test_matching_key_is_allowed" time="0.011" /><testcase classname="tests.test_auth_security.TestOperatorRegistrationKey" name="test_wrong_or_missing_key_is_rejected" time="0.023" /><testcase classname="tests.test_auth_security.TestOperatorRegistrationKey" name="test_disabled_when_env_var_unset_or_empty" time="0.015" /><testcase classname="tests.test_auth_security.TestOperatorRegistrationKey" name="test_non_ascii_key_does_not_crash" time="0.008" /><testcase classname="tests.test_carbon_is_real_flag.TestCarbonIsRealFlag" name="test_flat_fallback_is_reported_as_not_real" time="0.006" /><testcase classname="tests.test_carbon_is_real_flag.TestCarbonIsRealFlag" name="test_real_csv_is_reported_as_real" time="0.050" /><testcase classname="tests.test_carbon_is_real_flag.TestCarbonIsRealFlag" name="test_state_and_whatif_expose_the_flag" time="0.014" /><testcase classname="tests.test_data_generator_consistency.TestGeneratorMatchesTwinPhysics" name="test_it_power_matches_twins_own_formula" time="1.771" /><testcase classname="tests.test_data_generator_consistency.TestGeneratorMatchesTwinPhysics" name="test_cooling_mode_column_exists_and_varies" time="1.084" /><testcase classname="tests.test_data_generator_consistency.TestGeneratorMatchesTwinPhysics" name="test_water_stress_column_exists_and_varies" time="1.091" /><testcase classname="tests.test_data_generator_consistency.TestGeneratorMatchesTwinPhysics" name="test_drought_episodes_actually_cross_threshold" time="1.378" /><testcase classname="tests.test_data_pipeline.TestInit" name="test_defaults" time="0.001" /><testcase classname="tests.test_data_pipeline.TestInit" name="test_default_feature_columns_are_not_shared_state" time="0.001" /><testcase classname="tests.test_data_pipeline.TestInit" name="test_custom_feature_columns" time="0.001" /><testcase classname="tests.test_data_pipeline.TestLoadCsv" name="test_loads_and_stores_dataframe" time="0.037" /><testcase classname="tests.test_data_pipeline.TestLoadCsv" name="test_missing_file_raises" time="0.001" /><testcase classname="tests.test_data_pipeline.TestLoadCsv" name="test_sorts_by_timestamp" time="0.011" /><testcase classname="tests.test_data_pipeline.TestLoadCsv" name="test_fills_nulls" time="0.011" /><testcase classname="tests.test_data_pipeline.TestLoadCsv" name="test_removes_extreme_outlier_rows" time="0.012" /><testcase classname="tests.test_data_pipeline.TestLoadCsv" name="test_missing_feature_columns_do_not_fail_at_load" time="0.007" /><testcase classname="tests.test_data_pipeline.TestPrepare" name="test_returns_four_arrays_in_documented_order" time="0.007" /><testcase classname="tests.test_data_pipeline.TestPrepare" name="test_shapes_and_split_sizes" time="0.006" /><testcase classname="tests.test_data_pipeline.TestPrepare" name="test_custom_seq_len_horizon_features_reflected_in_shapes" time="0.003" /><testcase classname="tests.test_data_pipeline.TestPrepare" name="test_split_is_chronological_and_targets_are_raw" time="0.003" /><testcase classname="tests.test_data_pipeline.TestPrepare" name="test_scaler_fit_on_train_only" time="0.007" /><testcase classname="tests.test_data_pipeline.TestPrepare" name="test_deterministic" time="0.011" /><testcase classname="tests.test_data_pipeline.TestPrepare" name="test_uses_loaded_data_when_no_df_given" time="0.054" /><testcase classname="tests.test_data_pipeline.TestPrepare" name="test_no_data_loaded_raises" time="0.001" /><testcase classname="tests.test_data_pipeline.TestPrepare" name="test_missing_feature_column_raises" time="0.005" /><testcase classname="tests.test_data_pipeline.TestPrepare" name="test_missing_target_column_raises" time="0.003" /><testcase classname="tests.test_data_pipeline.TestPrepare" name="test_not_enough_data_raises" time="0.004" /><testcase classname="tests.test_data_pipeline.TestScalerHelpers" name="test_save_scaler_before_prepare_raises" time="0.003" /><testcase classname="tests.test_data_pipeline.TestScalerHelpers" name="test_transform_sequence_before_prepare_raises" time="0.001" /><testcase classname="tests.test_data_pipeline.TestScalerHelpers" name="test_transform_sequence_preserves_shape_and_matches_training_scale" time="0.011" /><testcase classname="tests.test_data_pipeline.TestScalerHelpers" name="test_scaler_save_load_roundtrip" time="0.014" /><testcase classname="tests.test_db_url.TestNormalizeDatabaseUrl" name="test_plain_postgres_schemes_get_asyncpg[postgres]" time="0.001" /><testcase classname="tests.test_db_url.TestNormalizeDatabaseUrl" name="test_plain_postgres_schemes_get_asyncpg[postgresql]" time="0.001" /><testcase classname="tests.test_db_url.TestNormalizeDatabaseUrl" name="test_already_async_url_is_untouched" time="0.001" /><testcase classname="tests.test_db_url.TestNormalizeDatabaseUrl" name="test_default_is_already_normalised" time="0.001" /><testcase classname="tests.test_db_url.TestNormalizeDatabaseUrl" name="test_other_schemes_are_left_alone" time="0.001" /><testcase classname="tests.test_db_url.TestNormalizeDatabaseUrl" name="test_whitespace_is_stripped" time="0.001" /><testcase classname="tests.test_db_url.TestNormalizeDatabaseUrl" name="test_sslmode_is_translated_for_asyncpg" time="0.001" /><testcase classname="tests.test_db_url.TestNormalizeDatabaseUrl" name="test_percent_encoded_password_is_preserved" time="0.001" /><testcase classname="tests.test_db_url.TestAutoCreateTables" name="test_on_by_default_in_development" time="0.001" /><testcase classname="tests.test_db_url.TestAutoCreateTables" name="test_off_by_default_in_production" time="0.001" /><testcase classname="tests.test_db_url.TestAutoCreateTables" name="test_explicit_flag_wins_over_environment[true-True]" time="0.001" /><testcase classname="tests.test_db_url.TestAutoCreateTables" name="test_explicit_flag_wins_over_environment[1-True]" time="0.001" /><testcase classname="tests.test_db_url.TestAutoCreateTables" name="test_explicit_flag_wins_over_environment[false-False]" time="0.001" /><testcase classname="tests.test_db_url.TestAutoCreateTables" name="test_explicit_flag_wins_over_environment[0-False]" time="0.001" /><testcase classname="tests.test_db_url.TestAutoCreateTables" name="test_explicit_flag_wins_over_environment[-False]" time="0.001" /><testcase classname="tests.test_db_url.TestAutoCreateTables" name="test_garbage_value_is_an_error_not_silently_false" time="0.001" /><testcase classname="tests.test_digital_twin.TestDigitalTwin" name="test_init_default_params" time="0.002" /><testcase classname="tests.test_digital_twin.TestDigitalTwin" name="test_init_custom_params" time="0.001" /><testcase classname="tests.test_digital_twin.TestDigitalTwin" name="test_compute_it_power" time="0.001" /><testcase classname="tests.test_digital_twin.TestDigitalTwin" name="test_compute_it_power_invalid_utilisation" time="0.004" /><testcase classname="tests.test_digital_twin.TestDigitalTwin" name="test_compute_outlet_temp" time="0.001" /><testcase classname="tests.test_digital_twin.TestDigitalTwin" name="test_compute_cooling_power_free_air" time="0.001" /><testcase classname="tests.test_digital_twin.TestDigitalTwin" name="test_compute_cooling_power_closed_loop" time="0.001" /><testcase classname="tests.test_digital_twin.TestDigitalTwin" name="test_compute_cooling_power_evaporative" time="0.002" /><testcase classname="tests.test_digital_twin.TestDigitalTwin" name="test_compute_cooling_power_hybrid" time="0.002" /><testcase classname="tests.test_digital_twin.TestDigitalTwin" name="test_compute_water_consumption_free_air" time="0.001" /><testcase classname="tests.test_digital_twin.TestDigitalTwin" name="test_compute_water_consumption_evaporative" time="0.002" /><testcase classname="tests.test_digital_twin.TestDigitalTwin" name="test_step_basic" time="0.002" /><testcase classname="tests.test_digital_twin.TestDigitalTwin" name="test_step_partial_action" time="0.002" /><testcase classname="tests.test_digital_twin.TestDigitalTwin" name="test_step_invalid_utilisation" time="0.002" /><testcase classname="tests.test_digital_twin.TestDigitalTwin" name="test_step_cooling_mode_string" time="0.002" /><testcase classname="tests.test_digital_twin.TestDigitalTwin" name="test_step_cooling_mode_enum" time="0.002" /><testcase classname="tests.test_digital_twin.TestDigitalTwin" name="test_step_with_humidity_and_pressure" time="0.001" /><testcase classname="tests.test_digital_twin.TestDigitalTwin" name="test_is_safe_true" time="0.001" /><testcase classname="tests.test_digital_twin.TestDigitalTwin" name="test_is_safe_false_inlet_too_low" time="0.001" /><testcase classname="tests.test_digital_twin.TestDigitalTwin" name="test_is_safe_false_inlet_too_high" time="0.002" /><testcase classname="tests.test_digital_twin.TestDigitalTwin" name="test_is_safe_false_outlet_too_high" time="0.001" /><testcase classname="tests.test_digital_twin.TestDigitalTwin" name="test_is_safe_false_pue_too_high" time="0.001" /><testcase classname="tests.test_digital_twin.TestDigitalTwin" name="test_cooling_mode_physics_consistency" time="0.001" /><testcase classname="tests.test_digital_twin.TestDigitalTwin" name="test_energy_balance" time="0.002" /><testcase classname="tests.test_digital_twin.TestDigitalTwin" name="test_water_accumulation" time="0.002" /><testcase classname="tests.test_digital_twin.TestDigitalTwin" name="test_state_to_dict" time="0.001" /><testcase classname="tests.test_digital_twin.TestDigitalTwin" name="test_multiple_steps_consistency" time="0.001" /><testcase classname="tests.test_digital_twin.TestDigitalTwin" name="test_extreme_conditions" time="0.001" /><testcase classname="tests.test_digital_twin.TestDigitalTwin" name="test_zero_conditions" time="0.001" /><testcase classname="tests.test_digital_twin_dynamic.TestDynamicPhysics" name="test_initial_water_cumulative_is_zero" time="0.002" /><testcase classname="tests.test_digital_twin_dynamic.TestDynamicPhysics" name="test_initial_state_is_at_steady_state" time="0.001" /><testcase classname="tests.test_digital_twin_dynamic.TestDynamicPhysics" name="test_thermal_lag_is_partial_not_instant" time="0.002" /><testcase classname="tests.test_digital_twin_dynamic.TestDynamicPhysics" name="test_chilled_water_actuator_is_rate_limited" time="0.001" /><testcase classname="tests.test_digital_twin_dynamic.TestDynamicPhysics" name="test_free_air_substitutes_to_hybrid_when_hot_and_reports_it" time="0.001" /><testcase classname="tests.test_digital_twin_dynamic.TestDynamicPhysics" name="test_free_air_applies_and_reports_correctly_when_cold" time="0.001" /><testcase classname="tests.test_digital_twin_dynamic.TestDynamicPhysics" name="test_cop_varies_with_load" time="0.002" /><testcase classname="tests.test_digital_twin_dynamic.TestDynamicPhysics" name="test_cop_derates_with_outside_temperature" time="0.001" /><testcase classname="tests.test_digital_twin_dynamic.TestDynamicPhysics" name="test_humidity_increases_evaporative_water_flow" time="0.001" /><testcase classname="tests.test_digital_twin_dynamic.TestDynamicPhysics" name="test_water_consumed_derives_from_flow_not_reverse" time="0.001" /><testcase classname="tests.test_digital_twin_dynamic.TestDynamicPhysics" name="test_no_cosmetic_clamp_allows_is_safe_to_detect_unsafe_outlet" time="0.001" /><testcase classname="tests.test_digital_twin_dynamic.TestDynamicPhysics" name="test_no_cosmetic_clamp_on_inlet_either" time="0.001" /><testcase classname="tests.test_digital_twin_dynamic.TestDynamicPhysics" name="test_build_initial_state_and_step_share_one_formula" time="0.001" /><testcase classname="tests.test_drought_override.TestDroughtThresholdConsistency" name="test_twin_and_env_use_the_same_threshold" time="0.001" /><testcase classname="tests.test_drought_override.TestDigitalTwinDroughtOverride" name="test_below_threshold_not_forced" time="0.001" /><testcase classname="tests.test_drought_override.TestDigitalTwinDroughtOverride" name="test_above_threshold_forces_closed_loop" time="0.001" /><testcase classname="tests.test_drought_override.TestDigitalTwinDroughtOverride" name="test_exactly_at_threshold_not_forced" time="0.001" /><testcase classname="tests.test_drought_override.TestDataCentreEnvDroughtOverride" name="test_action_override_regardless_of_agents_choice" time="0.003" /><testcase classname="tests.test_drought_override.TestDataCentreEnvDroughtOverride" name="test_no_override_below_threshold" time="0.002" /><testcase classname="tests.test_drought_override.TestWaterStressObservability" name="test_water_stress_is_in_observation_space" time="0.001" /><testcase classname="tests.test_drought_override.TestWaterStressObservability" name="test_water_stress_value_reflected_in_observation" time="0.002" /><testcase classname="tests.test_ingestion.TestBaseIngestion" name="test_deduplicate_records" time="0.008" /><testcase classname="tests.test_ingestion.TestBaseIngestion" name="test_path_resolution" time="0.001" /><testcase classname="tests.test_ingestion.TestBaseIngestion" name="test_save_cleaned_dataset_safe" time="0.003" /><testcase classname="tests.test_ingestion.TestBaseIngestion" name="test_validate_lat_lon" time="0.004" /><testcase classname="tests.test_ingestion.TestBaseIngestion" name="test_validate_non_empty" time="0.001" /><testcase classname="tests.test_ingestion.TestBaseIngestion" name="test_validate_numeric_range" time="0.002" /><testcase classname="tests.test_ingestion.TestBaseIngestion" name="test_validate_required_columns" time="0.001" /><testcase classname="tests.test_ingestion.TestWeatherIngestion" name="test_missing_weather_columns_raise_error" time="0.002" /><testcase classname="tests.test_ingestion.TestWeatherIngestion" name="test_normalize_weather_dataframe" time="0.007" /><testcase classname="tests.test_ingestion.TestCarbonIngestion" name="test_normalize_carbon_dataframe" time="0.010" /><testcase classname="tests.test_ingestion.TestAqueductIngestion" name="test_normalize_aqueduct_dataframe" time="0.015" /><testcase classname="tests.test_ingestion.TestSolarNSRDB" name="test_config_invalid_coordinates" time="0.001" /><testcase classname="tests.test_ingestion.TestSolarNSRDB" name="test_config_missing_api_key" time="0.001" /><testcase classname="tests.test_ingestion.TestSolarNSRDB" name="test_config_valid" time="0.001" /><testcase classname="tests.test_ingestion.TestSolarNSRDB" name="test_fetch_nsrdb_auth_error_403" time="0.003" /><testcase classname="tests.test_ingestion.TestSolarNSRDB" name="test_fetch_nsrdb_retry_on_429" time="0.002" /><testcase classname="tests.test_ingestion.TestSolarNSRDB" name="test_normalize_nsrdb_raw_text" time="0.012" /><testcase classname="tests.test_live_broadcast.TestConnectionManager" name="test_connect_and_disconnect_tracked" time="0.001" /><testcase classname="tests.test_live_broadcast.TestConnectionManager" name="test_broadcast_reaches_all_connected_clients" time="0.002" /><testcase classname="tests.test_live_broadcast.TestConnectionManager" name="test_broadcast_survives_a_dead_connection" time="0.002" /><testcase classname="tests.test_live_broadcast.TestConnectionManager" name="test_broadcast_with_no_clients_is_a_noop" time="0.001" /><testcase classname="tests.test_live_broadcast.TestBroadcastLoop" name="test_no_clients_means_no_tick_and_no_db_write" time="0.111" /><testcase classname="tests.test_live_broadcast.TestBroadcastLoop" name="test_ticks_and_broadcasts_when_a_client_is_connected" time="0.107" /><testcase classname="tests.test_live_broadcast.TestBroadcastLoop" name="test_database_failure_does_not_stop_the_stream" time="0.007" /><testcase classname="tests.test_optimization_service.TestLoadSavedOptimizer" name="test_missing_artifacts_return_none" time="0.003" /><testcase classname="tests.test_optimization_service.TestLoadSavedOptimizer" name="test_corrupt_model_returns_none_instead_of_raising" time="0.004" /><testcase classname="tests.test_optimization_service.TestLoadSavedOptimizer" name="test_stale_8_dim_policy_is_rejected" time="0.003" /><testcase classname="tests.test_optimization_service.TestLoadSavedOptimizer" name="test_compatible_policy_is_accepted" time="0.003" /><testcase classname="tests.test_optimization_service.TestRunOptimization" name="test_rollout_returns_rows_and_summary" time="0.018" /><testcase classname="tests.test_optimization_service.TestRunOptimization" name="test_rollout_does_not_block_the_event_loop" time="1.038" /><testcase classname="tests.test_optimization_service.TestRunOptimization" name="test_fallback_training_happens_once_in_a_thread" time="0.530" /><testcase classname="tests.test_optimization_service.TestRunOptimization" name="test_warm_up_never_trains_and_never_raises" time="0.004" /><testcase classname="tests.test_optimizer_observation_space.TestObservationSpaceShape" name="test_reset_returns_matching_shape" time="0.001" /><testcase classname="tests.test_optimizer_observation_space.TestObservationSpaceShape" name="test_step_returns_matching_shape" time="0.002" /><testcase classname="tests.test_optimizer_observation_space.TestObservationSpaceShape" name="test_observations_stay_within_declared_bounds" time="0.004" /><testcase classname="tests.test_predictive_maintenance.TestNaiveBaseline" name="test_predicts_constant_median" time="0.001" /><testcase classname="tests.test_predictive_maintenance.TestNaiveBaseline" name="test_handles_even_length_training_set" time="0.001" /><testcase classname="tests.test_predictive_maintenance.TestEvaluate" name="test_perfect_predictions_score_zero_error" time="0.003" /><testcase classname="tests.test_predictive_maintenance.TestEvaluate" name="test_metrics_are_all_present" time="0.002" /><testcase classname="tests.test_predictive_maintenance.TestFeatureSelection" name="test_drops_low_variance_columns" time="0.009" /><testcase classname="tests.test_security_hardening.TestReadSecret" name="test_plain_env_var" time="0.002" /><testcase classname="tests.test_security_hardening.TestReadSecret" name="test_file_variant_wins_over_plain" time="0.003" /><testcase classname="tests.test_security_hardening.TestReadSecret" name="test_file_content_is_stripped" time="0.002" /><testcase classname="tests.test_security_hardening.TestReadSecret" name="test_missing_file_raises" time="0.001" /><testcase classname="tests.test_security_hardening.TestReadSecret" name="test_neither_set_returns_none" time="0.001" /><testcase classname="tests.test_security_hardening.TestCorsProductionGuard" name="test_missing_origins_in_production_raises" time="0.006" /><testcase classname="tests.test_security_hardening.TestCorsProductionGuard" name="test_missing_origins_outside_production_falls_back" time="0.002" /><testcase classname="tests.test_security_hardening.TestCorsProductionGuard" name="test_explicit_origins_always_respected" time="0.002" /><testcase classname="tests.test_security_hardening.TestRefreshTokenLifecycle" name="test_issue_then_lookup_succeeds" time="0.058" /><testcase classname="tests.test_security_hardening.TestRefreshTokenLifecycle" name="test_plaintext_is_never_stored" time="0.021" /><testcase classname="tests.test_security_hardening.TestRefreshTokenLifecycle" name="test_unknown_token_returns_none" time="0.018" /><testcase classname="tests.test_security_hardening.TestRefreshTokenLifecycle" name="test_expired_token_is_rejected" time="0.023" /><testcase classname="tests.test_security_hardening.TestRefreshTokenLifecycle" name="test_rotation_revokes_old_and_issues_new" time="0.026" /><testcase classname="tests.test_security_hardening.TestRefreshTokenLifecycle" name="test_revoke_makes_token_unusable" time="0.023" /><testcase classname="tests.test_security_hardening.TestRefreshTokenLifecycle" name="test_revoke_unknown_token_returns_false" time="0.021" /><testcase classname="tests.test_security_hardening.TestAuditLog" name="test_log_action_records_user_and_action" time="0.020" /><testcase classname="tests.test_security_hardening.TestAuditLog" name="test_log_action_without_user_is_allowed" time="0.019" /><testcase classname="tests.test_security_hardening.TestAuditLog" name="test_details_are_persisted" time="0.020" /><testcase classname="tests.test_serialization.TestToJsonable" name="test_dataframe_records_with_timestamps_are_serializable" time="0.002" /><testcase classname="tests.test_serialization.TestToJsonable" name="test_numpy_scalars_become_python" time="0.001" /><testcase classname="tests.test_serialization.TestToJsonable" name="test_nan_and_inf_become_none" time="0.001" /><testcase classname="tests.test_serialization.TestToJsonable" name="test_enum_checked_before_str" time="0.001" /><testcase classname="tests.test_serialization.TestToJsonable" name="test_nat_and_none" time="0.001" /><testcase classname="tests.test_serialization.TestToJsonable" name="test_nested_containers_and_key_coercion" time="0.001" /><testcase classname="tests.test_serialization.TestToJsonable" name="test_unknown_objects_fall_back_to_str" time="0.001" /><testcase classname="tests.test_serialization.TestToJsonable" name="test_legacy_wrappers_delegate" time="0.001" /></testsuite></testsuites>
